// Vitest Snapshot v1, https://vitest.dev/guide/snapshot.html

exports[`AbsencesTable > renders table rows and cells correctly 1`] = `[Function]`;
